// Jest Snapshot v1, https://goo.gl/fbAQLP

exports[`<MaterialExample /> should render the heading 1`] = `
<main
  class=""
>
  <button
    class="MuiButton-root MuiButton-contained MuiButton-containedPrimary MuiButton-sizeMedium MuiButton-containedSizeMedium MuiButtonBase-root  css-sghohy-MuiButtonBase-root-MuiButton-root"
    tabindex="0"
    type="button"
  >
    MaterialExample
    <span
      class="MuiTouchRipple-root css-8je8zh-MuiTouchRipple-root"
    />
  </button>
</main>
`
